30
0
1
10
31
0
32
1
212
78
1
2
512
24
10
450
*
*
720
*
720
*
987
867
626
999
1
2
3
3
4
5
5
6
7
999
*
3
1
0
1
0
